------------------------------------------------------------
Timing Analyzer Summary
------------------------------------------------------------

Type  : Slow 1100mV 100C Model Setup 'clk'
Slack : 17.154
TNS   : 0.000

Type  : Slow 1100mV 100C Model Hold 'clk'
Slack : 0.436
TNS   : 0.000

Type  : Slow 1100mV 100C Model Minimum Pulse Width 'clk'
Slack : 9.206
TNS   : 0.000

Type  : Slow 1100mV -40C Model Setup 'clk'
Slack : 16.888
TNS   : 0.000

Type  : Slow 1100mV -40C Model Hold 'clk'
Slack : 0.455
TNS   : 0.000

Type  : Slow 1100mV -40C Model Minimum Pulse Width 'clk'
Slack : 9.312
TNS   : 0.000

Type  : Fast 1100mV 100C Model Setup 'clk'
Slack : 18.644
TNS   : 0.000

Type  : Fast 1100mV 100C Model Hold 'clk'
Slack : 0.189
TNS   : 0.000

Type  : Fast 1100mV 100C Model Minimum Pulse Width 'clk'
Slack : 9.113
TNS   : 0.000

Type  : Fast 1100mV -40C Model Setup 'clk'
Slack : 18.676
TNS   : 0.000

Type  : Fast 1100mV -40C Model Hold 'clk'
Slack : 0.174
TNS   : 0.000

Type  : Fast 1100mV -40C Model Minimum Pulse Width 'clk'
Slack : 9.052
TNS   : 0.000

------------------------------------------------------------
